version https://git-lfs.github.com/spec/v1
oid sha256:083aa5ccfedcb8b787cb5b3104d6a2ecf3fca681c120586d34a7d31f6e1acf19
size 133992448
